------------------------------------------------------------
Timing Analyzer Summary
------------------------------------------------------------

Type  : Slow 1100mV 85C Model Setup 'Shameem_03132022_CLK'
Slack : -1.828
TNS   : -1.828

Type  : Slow 1100mV 85C Model Hold 'Shameem_03132022_CLK'
Slack : 1.518
TNS   : 0.000

Type  : Slow 1100mV 85C Model Minimum Pulse Width 'Shameem_03132022_CLK'
Slack : 0.428
TNS   : 0.000

Type  : Slow 1100mV 0C Model Setup 'Shameem_03132022_CLK'
Slack : -1.805
TNS   : -1.805

Type  : Slow 1100mV 0C Model Hold 'Shameem_03132022_CLK'
Slack : 1.533
TNS   : 0.000

Type  : Slow 1100mV 0C Model Minimum Pulse Width 'Shameem_03132022_CLK'
Slack : 0.442
TNS   : 0.000

Type  : Fast 1100mV 85C Model Setup 'Shameem_03132022_CLK'
Slack : -0.051
TNS   : -0.051

Type  : Fast 1100mV 85C Model Hold 'Shameem_03132022_CLK'
Slack : 0.466
TNS   : 0.000

Type  : Fast 1100mV 85C Model Minimum Pulse Width 'Shameem_03132022_CLK'
Slack : 0.117
TNS   : 0.000

Type  : Fast 1100mV 0C Model Setup 'Shameem_03132022_CLK'
Slack : 0.026
TNS   : 0.000

Type  : Fast 1100mV 0C Model Hold 'Shameem_03132022_CLK'
Slack : 0.428
TNS   : 0.000

Type  : Fast 1100mV 0C Model Minimum Pulse Width 'Shameem_03132022_CLK'
Slack : 0.102
TNS   : 0.000

------------------------------------------------------------
